[bootstrapget.com/demos/cube-admin-template/index.html]
[backblue.gif]
[fade.gif]
[index.html]
[bootstrapget.com/demos/cube-admin-template/assets/images/favicon.svg]
[bootstrapget.com/demos/cube-admin-template/assets/fonts/bootstrap/bootstrap-icons.min.css]
[bootstrapget.com/demos/cube-admin-template/assets/css/main.min.css]
[bootstrapget.com/demos/cube-admin-template/assets/vendor/overlay-scroll/OverlayScrollbars.min.css]
[bootstrapget.com/demos/cube-admin-template/assets/images/logo.svg]
[bootstrapget.com/demos/cube-admin-template/orders.html]
[bootstrapget.com/demos/cube-admin-template/expenses.html]
[bootstrapget.com/demos/cube-admin-template/tasks.html]
[bootstrapget.com/demos/cube-admin-template/accordions.html]
[bootstrapget.com/demos/cube-admin-template/buttons.html]
[bootstrapget.com/demos/cube-admin-template/avatars.html]
[bootstrapget.com/demos/cube-admin-template/cards.html]
[bootstrapget.com/demos/cube-admin-template/advanced-cards.html]
[bootstrapget.com/demos/cube-admin-template/badges.html]
[bootstrapget.com/demos/cube-admin-template/carousel.html]
[bootstrapget.com/demos/cube-admin-template/dropdowns.html]
[bootstrapget.com/demos/cube-admin-template/icons.html]
[bootstrapget.com/demos/cube-admin-template/modals.html]
[bootstrapget.com/demos/cube-admin-template/list-items.html]
[bootstrapget.com/demos/cube-admin-template/offcanvas.html]
[bootstrapget.com/demos/cube-admin-template/placeholders.html]
[bootstrapget.com/demos/cube-admin-template/progress.html]
[bootstrapget.com/demos/cube-admin-template/popovers.html]
[bootstrapget.com/demos/cube-admin-template/spinners.html]
[bootstrapget.com/demos/cube-admin-template/tabs.html]
[bootstrapget.com/demos/cube-admin-template/toasts.html]
[bootstrapget.com/demos/cube-admin-template/form-inputs.html]
[bootstrapget.com/demos/cube-admin-template/tooltips.html]
[bootstrapget.com/demos/cube-admin-template/typography.html]
[bootstrapget.com/demos/cube-admin-template/form-checkbox-radio.html]
[bootstrapget.com/demos/cube-admin-template/form-validations.html]
[bootstrapget.com/demos/cube-admin-template/date-time-pickers.html]
[bootstrapget.com/demos/cube-admin-template/input-tags.html]
[bootstrapget.com/demos/cube-admin-template/input-masks.html]
[bootstrapget.com/demos/cube-admin-template/editor.html]
[bootstrapget.com/demos/cube-admin-template/form-layouts.html]
[bootstrapget.com/demos/cube-admin-template/form-tabs.html]
[bootstrapget.com/demos/cube-admin-template/form-accordion.html]
[bootstrapget.com/demos/cube-admin-template/form-wizard.html]
[bootstrapget.com/demos/cube-admin-template/notifications.html]
[bootstrapget.com/demos/cube-admin-template/form-file-input.html]
[bootstrapget.com/demos/cube-admin-template/calendar.html]
[bootstrapget.com/demos/cube-admin-template/contacts.html]
[bootstrapget.com/demos/cube-admin-template/support.html]
[bootstrapget.com/demos/cube-admin-template/default-layout.html]
[bootstrapget.com/demos/cube-admin-template/reviews.html]
[bootstrapget.com/demos/cube-admin-template/tables.html]
[bootstrapget.com/demos/cube-admin-template/apex.html]
[bootstrapget.com/demos/cube-admin-template/morris.html]
[bootstrapget.com/demos/cube-admin-template/create-invoice.html]
[bootstrapget.com/demos/cube-admin-template/view-invoice.html]
[bootstrapget.com/demos/cube-admin-template/invoice-list.html]
[bootstrapget.com/demos/cube-admin-template/maps.html]
[bootstrapget.com/demos/cube-admin-template/help.html]
[bootstrapget.com/demos/cube-admin-template/contact.html]
[bootstrapget.com/demos/cube-admin-template/profile.html]
[bootstrapget.com/demos/cube-admin-template/settings.html]
[bootstrapget.com/demos/cube-admin-template/maintenance.html]
[bootstrapget.com/demos/cube-admin-template/page-not-found.html]
[bootstrapget.com/demos/cube-admin-template/assets/images/logo-sm.svg]
[bootstrapget.com/demos/cube-admin-template/assets/images/user1.png]
[bootstrapget.com/demos/cube-admin-template/assets/images/user2.png]
[bootstrapget.com/demos/cube-admin-template/assets/images/user4.png]
[bootstrapget.com/demos/cube-admin-template/assets/images/user5.png]
[bootstrapget.com/demos/cube-admin-template/assets/images/thumbs/img7.jpg]
[bootstrapget.com/demos/cube-admin-template/assets/images/thumbs/img10.jpg]
[bootstrapget.com/demos/cube-admin-template/assets/js/jquery.min.js]
[bootstrapget.com/demos/cube-admin-template/assets/js/bootstrap.bundle.min.js]
[bootstrapget.com/demos/cube-admin-template/assets/js/moment.min.js]
[bootstrapget.com/demos/cube-admin-template/assets/vendor/overlay-scroll/jquery.overlayScrollbars.min.js]
[bootstrapget.com/demos/cube-admin-template/assets/vendor/apex/apexcharts.min.js]
[bootstrapget.com/demos/cube-admin-template/assets/vendor/apex/custom/analytics/stats.js]
[bootstrapget.com/demos/cube-admin-template/assets/vendor/apex/custom/analytics/sales.js]
[bootstrapget.com/demos/cube-admin-template/assets/vendor/apex/custom/analytics/views.js]
[bootstrapget.com/demos/cube-admin-template/assets/vendor/apex/custom/analytics/audiences.js]
[bootstrapget.com/demos/cube-admin-template/assets/vendor/apex/custom/analytics/orders.js]
[bootstrapget.com/demos/cube-admin-template/assets/vendor/jvectormap/jquery-jvectormap-2.0.5.min.js]
[bootstrapget.com/demos/cube-admin-template/assets/vendor/jvectormap/world-mill-en.js]
[bootstrapget.com/demos/cube-admin-template/assets/vendor/jvectormap/gdp-data.js]
[bootstrapget.com/demos/cube-admin-template/assets/vendor/jvectormap/continents-mill.js]
[bootstrapget.com/demos/cube-admin-template/assets/vendor/jvectormap/custom/world-map-markers4.js]
[bootstrapget.com/demos/cube-admin-template/assets/vendor/rating/raty.js]
[bootstrapget.com/demos/cube-admin-template/assets/vendor/rating/raty-custom.js]
[bootstrapget.com/demos/cube-admin-template/index.html]
[bootstrapget.com/demos/cube-admin-template/assets/images/favicon.svg]
[bootstrapget.com/demos/cube-admin-template/assets/js/custom.js]
[bootstrapget.com/demos/cube-admin-template/assets/fonts/bootstrap/bootstrap-icons0107.woff2]
[bootstrapget.com/demos/cube-admin-template/assets/fonts/bootstrap/bootstrap-icons0107.woff]
[bootstrapget.com/demos/cube-admin-template/assets/fonts/bootstrap/bootstrap-icons.min.css]
[bootstrapget.com/demos/cube-admin-template/assets/images/login.svg]
[bootstrapget.com/demos/cube-admin-template/assets/images/error.svg]
[bootstrapget.com/demos/cube-admin-template/assets/images/dots.svg]
[bootstrapget.com/demos/cube-admin-template/assets/css/main.min.css]
[bootstrapget.com/demos/cube-admin-template/assets/vendor/overlay-scroll/OverlayScrollbars.min.css]
[bootstrapget.com/demos/cube-admin-template/assets/images/logo.svg]
[bootstrapget.com/demos/cube-admin-template/assets/images/login2.svg]
[bootstrapget.com/demos/cube-admin-template/assets/vendor/apex/custom/orders/orders.js]
[bootstrapget.com/demos/cube-admin-template/orders.html]
[bootstrapget.com/demos/cube-admin-template/expenses.html]
[bootstrapget.com/demos/cube-admin-template/assets/images/thumbs/img9.jpg]
[bootstrapget.com/demos/cube-admin-template/assets/images/thumbs/img8.jpg]
[bootstrapget.com/demos/cube-admin-template/assets/images/user.png]
[bootstrapget.com/demos/cube-admin-template/tasks.html]
[bootstrapget.com/demos/cube-admin-template/assets/js/jquery-ui.min.js]
[bootstrapget.com/demos/cube-admin-template/accordions.html]
[bootstrapget.com/demos/cube-admin-template/avatars.html]
[bootstrapget.com/demos/cube-admin-template/buttons.html]
[bootstrapget.com/demos/cube-admin-template/badges.html]
[bootstrapget.com/demos/cube-admin-template/cards.html]
[bootstrapget.com/demos/cube-admin-template/advanced-cards.html]
[bootstrapget.com/demos/cube-admin-template/carousel.html]
[bootstrapget.com/demos/cube-admin-template/dropdowns.html]
[bootstrapget.com/demos/cube-admin-template/icons.html]
[bootstrapget.com/demos/cube-admin-template/list-items.html]
[bootstrapget.com/demos/cube-admin-template/modals.html]
[bootstrapget.com/demos/cube-admin-template/offcanvas.html]
[bootstrapget.com/demos/cube-admin-template/placeholders.html]
[bootstrapget.com/demos/cube-admin-template/progress.html]
[bootstrapget.com/demos/cube-admin-template/popovers.html]
[bootstrapget.com/demos/cube-admin-template/spinners.html]
[bootstrapget.com/demos/cube-admin-template/tabs.html]
[bootstrapget.com/demos/cube-admin-template/toasts.html]
[bootstrapget.com/demos/cube-admin-template/tooltips.html]
[bootstrapget.com/demos/cube-admin-template/typography.html]
[bootstrapget.com/demos/cube-admin-template/form-inputs.html]
[bootstrapget.com/demos/cube-admin-template/form-checkbox-radio.html]
[bootstrapget.com/demos/cube-admin-template/form-file-input.html]
[bootstrapget.com/demos/cube-admin-template/form-validations.html]
[bootstrapget.com/demos/cube-admin-template/date-time-pickers.html]
[bootstrapget.com/demos/cube-admin-template/input-tags.html]
[bootstrapget.com/demos/cube-admin-template/input-masks.html]
[bootstrapget.com/demos/cube-admin-template/editor.html]
[bootstrapget.com/demos/cube-admin-template/form-layouts.html]
[bootstrapget.com/demos/cube-admin-template/form-tabs.html]
[bootstrapget.com/demos/cube-admin-template/form-accordion.html]
[bootstrapget.com/demos/cube-admin-template/form-wizard.html]
[bootstrapget.com/demos/cube-admin-template/notifications.html]
[bootstrapget.com/demos/cube-admin-template/calendar.html]
[bootstrapget.com/demos/cube-admin-template/contacts.html]
[bootstrapget.com/demos/cube-admin-template/reviews.html]
[bootstrapget.com/demos/cube-admin-template/support.html]
[bootstrapget.com/demos/cube-admin-template/default-layout.html]
[bootstrapget.com/demos/cube-admin-template/tables.html]
[bootstrapget.com/demos/cube-admin-template/apex.html]
[bootstrapget.com/demos/cube-admin-template/morris.html]
[bootstrapget.com/demos/cube-admin-template/create-invoice.html]
[bootstrapget.com/demos/cube-admin-template/view-invoice.html]
[bootstrapget.com/demos/cube-admin-template/invoice-list.html]
[bootstrapget.com/demos/cube-admin-template/maps.html]
[bootstrapget.com/demos/cube-admin-template/profile.html]
[bootstrapget.com/demos/cube-admin-template/help.html]
[bootstrapget.com/demos/cube-admin-template/contact.html]
[bootstrapget.com/demos/cube-admin-template/settings.html]
[bootstrapget.com/demos/cube-admin-template/maintenance.html]
[bootstrapget.com/demos/cube-admin-template/page-not-found.html]
[bootstrapget.com/demos/cube-admin-template/login.html]
[bootstrapget.com/demos/cube-admin-template/signup.html]
[bootstrapget.com/demos/cube-admin-template/forgot-password.html]
[bootstrapget.com/demos/cube-admin-template/reset-password.html]
[bootstrapget.com/demos/cube-admin-template/lock-screen.html]
[bootstrapget.com/demos/cube-admin-template/assets/images/logo-sm.svg]
[bootstrapget.com/demos/cube-admin-template/assets/js/jquery.min.js]
[bootstrapget.com/demos/cube-admin-template/assets/js/bootstrap.bundle.min.js]
[bootstrapget.com/demos/cube-admin-template/assets/js/moment.min.js]
[bootstrapget.com/demos/cube-admin-template/assets/vendor/overlay-scroll/jquery.overlayScrollbars.min.js]
[bootstrapget.com/demos/cube-admin-template/Edge/index.html]
[bootstrapget.com/demos/cube-admin-template/assets/vendor/apex/apexcharts.min.js]
[bootstrapget.com/demos/cube-admin-template/assets/vendor/apex/custom/analytics/stats.js]
[bootstrapget.com/demos/cube-admin-template/assets/vendor/apex/custom/analytics/sales.js]
[bootstrapget.com/demos/cube-admin-template/assets/vendor/apex/custom/analytics/views.js]
[bootstrapget.com/demos/cube-admin-template/assets/vendor/apex/custom/analytics/audiences.js]
[bootstrapget.com/demos/cube-admin-template/assets/vendor/apex/custom/analytics/orders.js]
[bootstrapget.com/demos/cube-admin-template/assets/vendor/jvectormap/jquery-jvectormap-2.0.5.min.js]
[bootstrapget.com/demos/cube-admin-template/assets/vendor/jvectormap/world-mill-en.js]
[bootstrapget.com/demos/cube-admin-template/assets/vendor/jvectormap/gdp-data.js]
[bootstrapget.com/demos/cube-admin-template/assets/vendor/jvectormap/continents-mill.js]
[bootstrapget.com/demos/cube-admin-template/assets/vendor/jvectormap/custom/world-map-markers4.js]
[bootstrapget.com/demos/cube-admin-template/assets/vendor/rating/raty.js]
[bootstrapget.com/demos/cube-admin-template/assets/vendor/rating/raty-custom.js]
[bootstrapget.com/demos/cube-admin-template/assets/js/custom.js]
[bootstrapget.com/demos/cube-admin-template/assets/images/sidebar-bg.svg]
[bootstrapget.com/demos/cube-admin-template/assets/images/login.svg]
[bootstrapget.com/demos/cube-admin-template/assets/images/error.svg]
[bootstrapget.com/demos/cube-admin-template/assets/images/dots.svg]
[bootstrapget.com/demos/cube-admin-template/assets/images/login2.svg]
[bootstrapget.com/demos/cube-admin-template/assets/vendor/apex/custom/orders/orders.js]
[bootstrapget.com/demos/cube-admin-template/assets/js/jquery-ui.min.js]
[bootstrapget.com/demos/cube-admin-template/assets/js/kanban-ui.html]
[bootstrapget.com/demos/cube-admin-template/general-widgets.html]
[bootstrapget.com/demos/cube-admin-template/graph-widgets.html]
[bootstrapget.com/demos/cube-admin-template/assets/images/thumbs/img6.html]
[bootstrapget.com/demos/cube-admin-template/assets/images/thumbs/img4.html]
[bootstrapget.com/demos/cube-admin-template/alerts.html]
[bootstrapget.com/demos/cube-admin-template/assets/images/thumbs/img5.html]
[bootstrapget.com/demos/cube-admin-template/assets/images/thumbs/img1.html]
[bootstrapget.com/demos/cube-admin-template/assets/images/thumbs/img2.html]
[bootstrapget.com/demos/cube-admin-template/assets/images/thumbs/img3.html]
[bootstrapget.com/demos/cube-admin-template/assets/images/placeholder.html]
[bootstrapget.com/demos/cube-admin-template/assets/images/products/1.html]
[bootstrapget.com/demos/cube-admin-template/assets/js/validations.html]
[bootstrapget.com/demos/cube-admin-template/assets/vendor/daterange/daterange.html]
[bootstrapget.com/demos/cube-admin-template/assets/js/modernizr.html]
[bootstrapget.com/demos/cube-admin-template/assets/vendor/daterange/daterange-2.html]
[bootstrapget.com/demos/cube-admin-template/assets/vendor/daterange/custom-daterange.html]
[bootstrapget.com/demos/cube-admin-template/assets/vendor/input-tags/tagsinput.html]
[bootstrapget.com/demos/cube-admin-template/assets/vendor/input-tags/tagsinput.min.html]
[bootstrapget.com/demos/cube-admin-template/assets/vendor/input-tags/typeahead.html]
[bootstrapget.com/demos/cube-admin-template/assets/vendor/input-tags/tagsinput-custom.html]
[bootstrapget.com/demos/cube-admin-template/assets/images/cards/mastercard.html]
[bootstrapget.com/demos/cube-admin-template/assets/images/cards/visa.html]
[bootstrapget.com/demos/cube-admin-template/assets/images/cards/american-express.html]
[bootstrapget.com/demos/cube-admin-template/assets/images/cards/jcb.html]
[bootstrapget.com/demos/cube-admin-template/assets/images/cards/diners.html]
[bootstrapget.com/demos/cube-admin-template/assets/images/cards/discover.html]
[bootstrapget.com/demos/cube-admin-template/assets/vendor/input-masks/cleave.min.html]
[bootstrapget.com/demos/cube-admin-template/assets/vendor/input-masks/cleave-phone.html]
[bootstrapget.com/demos/cube-admin-template/assets/vendor/input-masks/cleave-custom.html]
[bootstrapget.com/demos/cube-admin-template/assets/vendor/quill/quill.core.html]
[bootstrapget.com/demos/cube-admin-template/assets/vendor/quill/quill.min.html]
[bootstrapget.com/demos/cube-admin-template/assets/vendor/quill/custom.html]
[bootstrapget.com/demos/cube-admin-template/assets/vendor/wizard/wizard.html]
[bootstrapget.com/demos/cube-admin-template/assets/vendor/wizard/wizard.min.html]
[bootstrapget.com/demos/cube-admin-template/assets/vendor/wizard/wizard-custom.html]
[bootstrapget.com/demos/cube-admin-template/assets/vendor/calendar/css/main.min.html]
[bootstrapget.com/demos/cube-admin-template/assets/vendor/calendar/css/custom.html]
[bootstrapget.com/demos/cube-admin-template/assets/vendor/calendar/js/main.min.html]
[bootstrapget.com/demos/cube-admin-template/assets/vendor/calendar/custom/daygrid-calendar.html]
[bootstrapget.com/demos/cube-admin-template/assets/vendor/apex/custom/support/tickets.html]
[bootstrapget.com/demos/cube-admin-template/assets/vendor/apex/custom/support/calls.html]
[bootstrapget.com/demos/cube-admin-template/assets/images/flags/1x1/hk.html]
[bootstrapget.com/demos/cube-admin-template/assets/images/flags/1x1/au.html]
[bootstrapget.com/demos/cube-admin-template/assets/images/flags/1x1/tz.html]
[bootstrapget.com/demos/cube-admin-template/assets/images/flags/1x1/ru.html]
[bootstrapget.com/demos/cube-admin-template/assets/images/flags/1x1/de.html]
[bootstrapget.com/demos/cube-admin-template/assets/vendor/apex/custom/graphs/area.html]
[bootstrapget.com/demos/cube-admin-template/assets/vendor/apex/custom/graphs/line.html]
[bootstrapget.com/demos/cube-admin-template/assets/vendor/apex/custom/graphs/bar.html]
[bootstrapget.com/demos/cube-admin-template/assets/vendor/apex/custom/graphs/column-area.html]
[bootstrapget.com/demos/cube-admin-template/assets/vendor/apex/custom/graphs/candlestick.html]
[bootstrapget.com/demos/cube-admin-template/assets/vendor/apex/custom/graphs/heatmap.html]
[bootstrapget.com/demos/cube-admin-template/assets/vendor/apex/custom/graphs/donut.html]
[bootstrapget.com/demos/cube-admin-template/assets/vendor/apex/custom/graphs/pie.html]
[bootstrapget.com/demos/cube-admin-template/assets/vendor/apex/custom/graphs/gauge.html]
[bootstrapget.com/demos/cube-admin-template/assets/vendor/apex/custom/graphs/radial-bar.html]
[bootstrapget.com/demos/cube-admin-template/assets/vendor/morris/morris.html]
[bootstrapget.com/demos/cube-admin-template/assets/vendor/morris/raphael-min.html]
[bootstrapget.com/demos/cube-admin-template/assets/vendor/morris/morris.min.html]
[bootstrapget.com/demos/cube-admin-template/assets/vendor/morris/custom/area.html]
[bootstrapget.com/demos/cube-admin-template/assets/vendor/morris/custom/barColors.html]
[bootstrapget.com/demos/cube-admin-template/assets/vendor/morris/custom/dayData.html]
[bootstrapget.com/demos/cube-admin-template/assets/vendor/morris/custom/donutColors.html]
[bootstrapget.com/demos/cube-admin-template/assets/vendor/morris/custom/donutFormatter.html]
[bootstrapget.com/demos/cube-admin-template/assets/vendor/morris/custom/morrisBar.html]
[bootstrapget.com/demos/cube-admin-template/assets/vendor/morris/custom/negativeValues.html]
[bootstrapget.com/demos/cube-admin-template/assets/vendor/morris/custom/stackedBar.html]
[bootstrapget.com/demos/cube-admin-template/assets/vendor/nouislider/css/nouislider.html]
[bootstrapget.com/demos/cube-admin-template/assets/images/flags/1x1/us.html]
[bootstrapget.com/demos/cube-admin-template/assets/images/flags/1x1/br.html]
[bootstrapget.com/demos/cube-admin-template/assets/images/flags/1x1/in.html]
[bootstrapget.com/demos/cube-admin-template/assets/vendor/nouislider/js/nouislider.html]
[bootstrapget.com/demos/cube-admin-template/assets/js/raphael.min.html]
[bootstrapget.com/demos/cube-admin-template/assets/vendor/mapael/jquery.mapael.min.html]
[bootstrapget.com/demos/cube-admin-template/assets/vendor/mapael/maps/france_departments.min.html]
[bootstrapget.com/demos/cube-admin-template/assets/vendor/mapael/maps/world_countries.min.html]
[bootstrapget.com/demos/cube-admin-template/assets/vendor/mapael/maps/usa_states.min.html]
[bootstrapget.com/demos/cube-admin-template/assets/vendor/mapael/custom/population.html]
[bootstrapget.com/demos/cube-admin-template/assets/vendor/mapael/custom/plotted-cities.html]
[bootstrapget.com/demos/cube-admin-template/assets/vendor/mapael/custom/range-areas.html]
[bootstrapget.com/demos/cube-admin-template/assets/images/upgrade.html]
[bootstrapget.com/demos/cube-admin-template/assets/vendor/apex/custom/profile/trainings.html]
[bootstrapget.com/demos/cube-admin-template/assets/images/notifications.html]
[bootstrapget.com/demos/cube-admin-template/assets/images/user3.png]
[bootstrapget.com/demos/cube-admin-template/Trident/index.html]
[bootstrapget.com/demos/cube-admin-template/Edge/index.html]
[bootstrapget.com/demos/cube-admin-template/assets/vendor/overlay-scroll/custom-scrollbar.js]
